{
    "module1": ["module2", "module3"],
    "module2": [],
    "module3": ["module4"],
    "module4": ["module5"],
    "module5": []
}
